00000144 A num_got_entries
9f000000 T _start
9f000400 t reset
9f000500 t rel_start
9f000548 T relocate_code
9f0005a4 t in_ram
9f000604 T ar7240_ddr_tap_init
9f000624 t ddr_pat_init
9f003660 t load_tap
9f003678 t pat_read
9f003690 t tap_addr_loop
9f003718 t tap_decr
9f00372c t tap_incr
9f003754 t tap_fail
9f003794 t up_limit
9f0037c8 t tap_calc
9f00384c t end
9f00385c t romReserved
9f003860 t romExcHandle
9f003870 T do_go
9f0039c0 T fake_image_header
9f003a98 T print_image_hdr
9f003eb0 t zalloc
9f003ed4 t zfree
9f003eec T gunzip
9f0040bc T do_bootm
9f004260 t abbrev_spec
9f00443c t addr_spec
9f0045e8 t flash_fill_sect_ranges
9f004788 T do_flinfo
9f00488c T flash_sect_erase
9f004964 T do_flerase
9f004bb0 T flash_sect_protect
9f004cc0 T do_protect
9f0050a0 T send_pad
9f0050f8 T ktrans
9f005134 T chk1
9f00516c T s1_sendpacket
9f0051cc T send_ack
9f005258 T send_nack
9f0052e4 t bin_data_init
9f005314 t bin_data_char
9f005360 T k_data_init
9f005380 T k_data_save
9f0053d0 T k_data_restore
9f005420 T k_data_char
9f0054c4 T handle_send_packet
9f005724 t getcxmodem
9f005770 T do_load_serial_bin
9f005f90 T cmd_get_data_size
9f006048 T do_mem_md
9f006318 T do_mem_mw
9f00646c T do_mem_cmp
9f00667c T do_mem_cp
9f006854 T do_mem_base
9f0068c0 T do_mem_loop
9f006a48 T do_mem_mtest
9f006c0c t mod_mem
9f006e14 T do_mem_nm
9f006e5c T do_mem_mm
9f006ea4 T do_mem_crc
9f006fe0 T do_mac
9f007150 t netboot_common
9f007504 T do_tftpb
9f007524 T do_rarpb
9f007544 T do_bootp
9f007570 t envmatch
9f007614 T do_printenv
9f007884 T _do_setenv
9f007fe4 T setenv
9f008038 T do_setenv
9f0080ac T getenv
9f008188 T getenv_r
9f0082b0 T do_version
9f0082f0 T find_cmd
9f008410 T do_help
9f0086a0 t console_setfile
9f008788 T serial_printf
9f0087e0 T fgetc
9f008818 T ftstc
9f008850 T fputc
9f008894 T fputs
9f0088d4 T fprintf
9f008934 T getc
9f008970 T tstc
9f0089ac T putc
9f0089f0 T puts
9f008a2c T printf
9f008a84 T vprintf
9f008ad0 T ctrlc
9f008b54 T disable_ctrlc
9f008b70 T had_ctrlc
9f008b88 T clear_ctrlc
9f008ba0 T dbg
9f008bb0 T console_assign
9f008ccc T console_init_f
9f008cdc T console_init_r
9f008f30 T device_register
9f008f74 T devices_init
9f009070 T devices_done
9f0090b0 T malloc_bin_reloc
9f0090f0 T malloc_trim
9f009218 T free
9f00948c T malloc
9f009bd8 T realloc
9f00a14c T memalign
9f00a2e4 T valloc
9f00a300 T pvalloc
9f00a324 T calloc
9f00a438 T cfree
9f00a450 T malloc_usable_size
9f00a4a8 T mallopt
9f00a540 T env_crc_update
9f00a590 t env_get_char_init
9f00a5dc T env_get_char_memory
9f00a610 T env_get_addr
9f00a640 T env_relocate
9f00a730 T env_relocate_spec
9f00a738 T env_get_char_spec
9f00a748 T env_init
9f00a770 T flash_protect
9f00a844 T addr2info
9f00a898 T flash_write
9f00aa48 T flash_perror
9f00ab80 T NewHandle
9f00ac2c T DisposeHandle
9f00ac88 T GetHandleSize
9f00ac90 T SetHandleSize
9f00ad58 T ListCreate
9f00adc8 T ListSetAllocationPolicy
9f00add8 T ListDispose
9f00adf0 T ListInsertItems
9f00b03c T ListInsertItem
9f00b054 T ListGetItems
9f00b0ac T ListGetPtrToItem
9f00b0ec T ListGetDataPtr
9f00b0f8 T ListGetItemSize
9f00b104 T ListNumItems
9f00b110 T CYGACC_COMM_IF_GETC_TIMEOUT
9f00b1c4 T CYGACC_COMM_IF_PUTC
9f00b1e0 T parse_num
9f00b340 t xyzModem_flush
9f00b384 t xyzModem_get_hdr
9f00b6f4 T xyzModem_stream_open
9f00b8d4 T xyzModem_stream_read
9f00bc0c T xyzModem_stream_close
9f00bc80 T xyzModem_stream_terminate
9f00bdec T xyzModem_error
9f00be90 t delete_char
9f00bfe8 T readline
9f00c268 T run_command
9f00c778 T main_loop
9f00cc20 T cyg_crc16
9f00cc80 T flash_init
9f00cda4 T flash_print_info
9f00cdc0 t ar7240_spi_write_enable
9f00ce30 t ar7240_spi_poll
9f00cecc T write_buff
9f00d170 T flash_erase
9f00d3c0 T lowlevel_init
9f00d3c0 t wdt_reset
9f00d43c t init_pll_values
9f00d498 t init_7241_pll
9f00d4f8 t init_default
9f00d558 t read_pll_from_flash
9f00d5bc t wait_for_pll_update
9f00d5dc t pll_locked
9f00d620 t initialize_pll
9f00d660 T flash_get_geom
9f00d780 T do_reset
9f00d7c8 T flush_cache
9f00d7f0 T write_one_tlb
9f00d830 T enable_interrupts
9f00d838 T disable_interrupts
9f00d840 T simple_mips_cache_reset
9f00d858 t _arai_icache_loop
9f00d870 t _arai_dcache_loop
9f00d888 T mips_cache_reset
9f00da20 T dcache_status
9f00da30 T dcache_disable
9f00da4c T mips_cache_lock
9f00daa8 T dcache_flush_range
9f00dab4 t cache_loop_d_flush_range
9f00dad0 T mips_cache_flush
9f00dae4 t cache_loop_flush
9f00db08 t cache_loop_d_flush
9f00db24 T mips_cache_lock_24k
9f00db38 t cache_loop_lock
9f00db70 T ar7240_sys_frequency
9f00dc18 T serial_init
9f00dcd0 T serial_tstc
9f00dce4 T serial_getc
9f00dd28 T serial_putc
9f00dd94 T serial_setbrg
9f00dd9c T serial_puts
9f00ddf0 T sbrk
9f00de40 t init_func_ram
9f00ded8 t display_banner
9f00df18 t init_baudrate
9f00df8c T hang
9f00dfbc T board_init_f
9f00e0f4 T board_init_r
9f00e3e0 T timer_init
9f00e3f0 T reset_timer
9f00e3fc T get_timer
9f00e408 T set_timer
9f00e410 T udelay
9f00e478 T get_ticks
9f00e488 T get_tbclk
9f00e4a0 t linux_env_set
9f00e5c8 T do_bootm_linux
9f00ed30 T pci_hose_read_config_byte
9f00ed3c T pci_hose_read_config_word
9f00ed48 T pci_hose_read_config_dword
9f00ed54 T pci_hose_write_config_byte
9f00ed60 T pci_hose_write_config_word
9f00ed6c T pci_hose_write_config_dword
9f00ed78 T pci_hose_read_config_byte_via_dword
9f00edec T pci_hose_read_config_word_via_dword
9f00ee60 T pci_hose_write_config_byte_via_dword
9f00ef2c T pci_hose_write_config_word_via_dword
9f00eff8 T pci_register_hose
9f00f030 T pci_bus_to_hose
9f00f0a0 T pci_write_config_dword
9f00f130 T pci_write_config_word
9f00f1c0 T pci_write_config_byte
9f00f250 T pci_read_config_dword
9f00f2e4 T pci_read_config_word
9f00f37c T pci_read_config_byte
9f00f414 T pci_find_devices
9f00f584 T pci_find_device
9f00f5b0 T pci_hose_phys_to_bus
9f00f670 T pci_hose_bus_to_phys
9f00f738 T pci_hose_config_device
9f00f958 T pci_find_config
9f00fa20 T pci_cfgfunc_config_device
9f00fa64 T pci_cfgfunc_do_nothing
9f00fa6c T pci_hose_scan_bus
9f00fc28 T pci_hose_scan
9f00fc40 T pci_init
9f00fc60 T NetSetEther
9f00fd10 T ArpRequest
9f00fe84 t startAgainTimeout
9f00fea0 t startAgainHandler
9f00fea8 T NetSetTimeout
9f00ff0c T NetSetHandler
9f00ff24 T NetStartAgain
9f0100a4 T ArpTimeoutCheck
9f01016c T NetSendPacket
9f010184 T NetCksum
9f0101cc T NetSetIP
9f0102e4 T NetSendUDPPacket
9f0104b0 T NetCksumOk
9f0104f0 T NetEthHdrSize
9f010528 T copy_filename
9f0105a4 T ip_to_string
9f010604 T print_IPaddr
9f010648 T NetReceive
9f010ba0 T string_to_ip
9f010c44 T getenv_IPaddr
9f010c80 T VLAN_to_string
9f010ce4 T string_to_VLAN
9f010d48 T getenv_VLAN
9f010d8c T NetLoop
9f011380 t TftpSend
9f011594 t TftpHandler
9f0118e4 t TftpTimeout
9f01197c T TftpStart
9f011c70 t truncate_sz
9f011cd4 t BootpHandler
9f0120ec T BootpRequest
9f0123c0 t BootpTimeout
9f012450 t RarpHandler
9f0124b4 T RarpRequest
9f0125fc t RarpTimeout
9f012680 T eth_get_dev
9f012698 T eth_get_dev_by_name
9f01271c T eth_get_dev_index
9f012778 T eth_register
9f012874 T eth_initialize
9f012af0 T eth_set_enetaddr
9f012bec T eth_try_another
9f012cc8 T eth_init
9f012d74 T eth_halt
9f012dcc T eth_send
9f012e04 T eth_rx
9f012e38 T eth_set_current
9f012f00 T eth_get_name
9f012f30 T GregorianDay
9f0130a8 T to_tm
9f01321c T mktime
9f013300 T crc32
9f013490 T display_options
9f0134d0 T print_size
9f0135e0 T strnicmp
9f013664 T strcat
9f01369c T strncat
9f0136e8 T strchr
9f013724 T strlen
9f013748 T strrchr
9f0137c0 T strnlen
9f0137fc T strdup
9f013874 T strspn
9f0138d4 T strpbrk
9f013924 T strtok
9f0139e4 T strsep
9f013a50 T strswab
9f013aac T memset
9f013ad8 T memcpy
9f013b08 T memmove
9f013b84 T memcmp
9f013bb4 T strstr
9f013c74 T memchr
9f013cb0 T simple_strtoul
9f013d98 T simple_strtol
9f013de8 t skip_atoi
9f013e48 t number
9f0140a0 T vsprintf
9f0145f0 T sprintf
9f01462c T panic
9f0146b0 t inflate_codes_free
9f0146c8 t inflate_trees_free
9f01472c t inflate_blocks_reset
9f01485c T inflateEnd
9f014928 T inflateReset
9f01499c T inflateSync
9f014adc T inflateInit2
9f014c84 T inflateInit
9f014c9c t inflate_codes_new
9f014d18 T inflateIncomp
9f014ea4 t inflate_flush
9f015060 t huft_build
9f0155c8 t falloc
9f0155f8 t ffree
9f015600 T inflate
9f0173ec T adler32
9f0175b0 t dummy
9f0175b8 T get_version
9f0175c0 T jumptable_init
9f017660 T ar7240_usb_initial_config
9f017688 T ar7240_gpio_config
9f0176b0 T ar7240_gpio_sw_led
9f0176d0 T ar7240_mem_config
9f01781c T initdram
9f017834 T checkboard
9f0178e0 t ar7240_local_write_config
9f01790c t ar7240_pci_read_config
9f017938 t ar7240_pci_write_config
9f017964 T plat_dev_init
9f017afc T pci_init_board
9f017e30 t ag7240_send
9f017fac t ag7240_recv
9f0180f0 t ag7240_clean_rx
9f018738 t ag7240_alloc_fifo
9f0187f8 t ag7240_halt
9f018848 T ag7240_mac_addr_loc
9f018850 T ag7240_enet_initialize
9f019370 T ag7240_miiphy_read
9f019504 T ag7240_miiphy_write
9f019610 T ar7240_ddr_tap_set
9f019640 T ar7240_ddr_find_size
9f019678 T ar7240_ddr_initial_config
9f0199f0 T athrs26_reg_write
9f019b80 T athrs26_reg_read
9f019d14 T s26_wr_phy
9f019dac T athrs26_reg_init
9f019e48 T athrs26_sleep_off
9f019e9c T athrs26_powersave_off
9f019ef0 T s26_rd_phy
9f019f88 T athrs26_phy_is_up
9f01a0d8 T athrs26_phy_is_link_alive
9f01a130 T athrs26_phy_speed
9f01a290 T athrs26_phy_is_fdx
9f01a3ac T athrs26_phy_setup
9f01a5e8 T athrs26_reg_init_lan
9f01a830 T athrs26_mdc_check
9f01a950 r baudrate_table
9f01a980 r crc16_tab
9f01ab80 R version_string
9f01ac30 r crc_table
9f01b0b0 r __func__.0
9f01b0c4 r __func__.1
9f01b0e0 r __func__.0
9f01deb0 D linuxFlash
9f01decc D load_addr
9f01ded0 D dp_last_length
9f01dee0 d mmap_threshold
9f01dee4 d trim_threshold
9f01dee8 d sbrk_base
9f01def0 D default_environment
9f01e030 d tab_seq
9f01e03c d erase_seq
9f01e040 D NetOurNativeVLAN
9f01e042 D NetOurVLAN
9f01e044 D NetBcastAddr
9f01e050 d month_days
9f01e080 d inflate_mask
9f01e0c4 d border
9f01e110 d cpdext
9f01e188 d cpdist
9f01e200 d cplext
9f01e27c d cplens
9f01e2f8 d fixed_left
9f01e300 D _ctype
9f01e400 D tap_pattern
9f01e408 D tap_settings
9f01e420 d athrPhyInfo
9f01e4b0 D stdio_names
9f01e4bc d av_
9f01e8c4 D env_get_char
9f01e8c8 d failed
9f01e8cc D z_errmsg
9f01e8ec D zlib_version
9f01e8f0 D init_sequence
9f01e914 A __got_start
9f01e920 A _gp
9f01e920 D _GLOBAL_OFFSET_TABLE_
9f01ee24 A __got_end
9f01ee24 A __u_boot_cmd_start
9f01ee24 D __u_boot_cmd_reset
9f01ee3c D __u_boot_cmd_go
9f01ee54 D __u_boot_cmd_bootm
9f01ee6c D __u_boot_cmd_erase
9f01ee84 D __u_boot_cmd_protect
9f01ee9c D __u_boot_cmd_flinfo
9f01eeb4 D __u_boot_cmd_loady
9f01eecc D __u_boot_cmd_loadb
9f01eee4 D __u_boot_cmd_cp
9f01eefc D __u_boot_cmd_mtest
9f01ef14 D __u_boot_cmd_mw
9f01ef2c D __u_boot_cmd_nm
9f01ef44 D __u_boot_cmd_mm
9f01ef5c D __u_boot_cmd_md
9f01ef74 D __u_boot_cmd_loop
9f01ef8c D __u_boot_cmd_base
9f01efa4 D __u_boot_cmd_crc32
9f01efbc D __u_boot_cmd_cmp
9f01efd4 D __u_boot_cmd_progmac
9f01efec D __u_boot_cmd_tftpboot
9f01f004 D __u_boot_cmd_rarpboot
9f01f01c D __u_boot_cmd_bootp
9f01f034 D __u_boot_cmd_setenv
9f01f04c D __u_boot_cmd_printenv
9f01f064 D __u_boot_cmd_question_mark
9f01f07c D __u_boot_cmd_help
9f01f094 D __u_boot_cmd_version
9f01f0ac A __u_boot_cmd_end
9f01f0ac A uboot_end_data
9f01f0b0 b a_b
9f01f0c8 b os_data_state
9f01f0cc b os_data_state_saved
9f01f0d0 b os_data_count_saved
9f01f0d4 b os_data_addr
9f01f0d8 b os_data_addr_saved
9f01f0dc b bin_start_address
9f01f0e0 b k_data_escape
9f01f0e4 b k_data_escape_saved
9f01f0f0 b base_address
9f01f100 b ctrlc_was_pressed
9f01f104 b ctrlc_disabled
9f01f110 B stdio_devices
9f01f11c B devlist
9f01f120 b n_mmaps_max
9f01f124 b top_pad
9f01f128 b current_mallinfo
9f01f150 b max_total_mem
9f01f154 b mmapped_mem
9f01f158 b max_sbrked_mem
9f01f160 B env_ptr
9f01f170 b xyz
9f01f5b0 b lastcommand.0
9f01f6b0 b mem_malloc_start
9f01f6b4 b mem_malloc_end
9f01f6b8 b mem_malloc_brk
9f01f6c0 b linux_argc
9f01f6c4 b linux_argv
9f01f6c8 b linux_env
9f01f6cc b linux_env_p
9f01f6d0 b linux_env_idx
9f01f6e0 b hose_head
9f01f6e4 b ids.0
9f01f700 B NetTxPacket
9f01f704 B NetRestartWrap
9f01f708 B NetEtherNullAddr
9f01f710 B NetServerEther
9f01f716 B NetBootFileSize
9f01f718 B NetOurRootPath
9f01f758 B NetOurHostName
9f01f778 B NetOurNISDomain
9f01f798 B NetOurDNSIP
9f01f79c B NetOurGatewayIP
9f01f7a0 B NetOurSubnetMask
9f01f7a4 b NetDevExists
9f01f7a8 b NetRestarted
9f01f7ac b packetHandler
9f01f7b0 b timeHandler
9f01f7b4 b timeStart
9f01f7b8 b timeDelta
9f01f7c0 b TftpServerPort
9f01f7c4 b TftpOurPort
9f01f7c8 b TftpTimeoutCount
9f01f7cc b TftpBlock
9f01f7d0 b TftpLastBlock
9f01f7d4 b TftpBlockWrap
9f01f7d8 b TftpBlockWrapOffset
9f01f7dc b TftpState
9f01f7e0 b default_filename
9f01f7f0 b tftp_filename
9f01f800 b first_failed.0
9f01f804 b eth_devices
9f01f808 b eth_current
9f01f810 b fixed_built
9f01f814 b fixed_lock
9f01f818 b fixed_mem
9f0208a8 b fixed_bl
9f0208ac b fixed_bd
9f0208b0 b fixed_tl
9f0208b4 b fixed_td
9f0208c0 b hose
9f0209a0 b athr26_init_flag1
9f0209a1 b athr26_init_flag
9f0209b0 B header
9f0209f0 B os_data_header
9f020a10 B send_parms
9f020a24 B console_buffer
9f020b24 B flash_info
9f020db0 B NetRxPackets
9f020df0 B BootFile
9f020e70 B NetArpWaitPacketBuf
9f021490 B PktBuf
9f027ab0 A uboot_end
9f027ab0 C his_pad_char
9f027ab4 C os_data_count
9f027ab8 C os_data_init
9f027abc C send_ptr
9f027ac0 C os_data_char
9f027ac4 C his_eol
9f027ac5 C his_quote
9f027ac8 C his_pad_count
9f027acc C dp_last_size
9f027ad0 C dp_last_addr
9f027ad4 C mm_last_size
9f027ad8 C mm_last_addr
9f027adc C monitor_flash_len
9f027ae0 C NetArpWaitTry
9f027ae4 C NetArpWaitPacketMAC
9f027ae8 C NetOurEther
9f027af0 C NetOurIP
9f027af4 C NetServerIP
9f027af8 C NetArpWaitTxPacketSize
9f027afc C NetArpWaitReplyIP
9f027b00 C NetArpWaitTxPacket
9f027b04 C NetArpWaitPacketIP
9f027b08 C NetState
9f027b0c C NetIPID
9f027b10 C NetRxPkt
9f027b14 C NetRxPktLen
9f027b18 C NetBootFileXferSize
9f027b1c C NetArpWaitTimerStart
9f027b20 C BootpTry
9f027b24 C BootpID
9f027b28 C RarpTry
9f027b2c C ___strtok
9f027b30 C ag7240_macs
